[    0s] {'S_P': 6821, 'S_A': 1464, 'C': 320, 'Q_P': 6821, 'Q_Pj': 6008, 'T_A': 1187, 'N_A': 1280, 'T_all': 1280, 'N_all': 1280}
[  111s] L8 R4   steer->steer 0.782 | steer->prompt(T) 0.803 (N) 0.779 | prompt(T)->steer 0.669 | prompt->prompt 0.893 | cos {'steer_vs_prompt_template': 0.362, 'steer_vs_prompt_neutral': 0.283, 'template_vs_neutral': 0.859}
[  232s] L20P    steer->steer 0.506 | steer->prompt(T) 0.837 (N) 1.000 | prompt(T)->steer 0.516 | prompt->prompt 1.000 | cos {'steer_vs_prompt_template': 0.04, 'steer_vs_prompt_neutral': 0.093, 'template_vs_neutral': 0.387}
[  235s] L20R1   steer->steer 0.656 | steer->prompt(T) 0.776 (N) 0.852 | prompt(T)->steer 0.571 | prompt->prompt 0.941 | cos {'steer_vs_prompt_template': 0.1, 'steer_vs_prompt_neutral': 0.097, 'template_vs_neutral': 0.896}
[  311s] L20R4   steer->steer 0.832 | steer->prompt(T) 0.906 (N) 0.938 | prompt(T)->steer 0.785 | prompt->prompt 0.928 | cos {'steer_vs_prompt_template': 0.471, 'steer_vs_prompt_neutral': 0.412, 'template_vs_neutral': 0.875}
[  390s] L20R8   steer->steer 0.867 | steer->prompt(T) 0.868 (N) 0.936 | prompt(T)->steer 0.861 | prompt->prompt 0.930 | cos {'steer_vs_prompt_template': 0.539, 'steer_vs_prompt_neutral': 0.485, 'template_vs_neutral': 0.866}
[  430s] L32R4   steer->steer 0.808 | steer->prompt(T) 0.839 (N) 0.823 | prompt(T)->steer 0.644 | prompt->prompt 0.957 | cos {'steer_vs_prompt_template': 0.238, 'steer_vs_prompt_neutral': 0.181, 'template_vs_neutral': 0.866}
[  450s] L32R8   steer->steer 0.860 | steer->prompt(T) 0.946 (N) 0.983 | prompt(T)->steer 0.763 | prompt->prompt 0.950 | cos {'steer_vs_prompt_template': 0.426, 'steer_vs_prompt_neutral': 0.419, 'template_vs_neutral': 0.88}
[  477s] L20R16  steer->steer 0.840 | steer->prompt(T) 0.879 (N) 0.945 | prompt(T)->steer 0.857 | prompt->prompt 0.942 | cos {'steer_vs_prompt_template': 0.635, 'steer_vs_prompt_neutral': 0.595, 'template_vs_neutral': 0.878}
[  480s] L20R32  steer->steer 0.845 | steer->prompt(T) 0.910 (N) 0.966 | prompt(T)->steer 0.833 | prompt->prompt 0.938 | cos {'steer_vs_prompt_template': 0.734, 'steer_vs_prompt_neutral': 0.739, 'template_vs_neutral': 0.904}
[  483s] L20R64  steer->steer 0.810 | steer->prompt(T) 0.889 (N) 0.924 | prompt(T)->steer 0.809 | prompt->prompt 0.910 | cos {'steer_vs_prompt_template': 0.744, 'steer_vs_prompt_neutral': 0.742, 'template_vs_neutral': 0.893}
[  483s] transfer -> /home/me/Documents/eleuther-soar/mech interp on randomly emergent personas/phase6-system-prompt-personas/results/analysis.json
[  554s] match L20R4: label_n20: K=48 s->p 0.12 p->s 0.12 null 0.03/0.06 ceil 0.49 | label_n10: K=101 s->p 0.04 p->s 0.04 null 0.02/0.04 ceil 0.39 | family: K=11 s->p 0.45 p->s 0.45 null 0.11/0.27 ceil 0.91 | family_judged_match: K=11 s->p 0.27 p->s 0.36 null 0.12/0.27 ceil 0.91
[  579s] match L20R8: label_n20: K=48 s->p 0.10 p->s 0.15 null 0.03/0.07 ceil 0.39 | label_n10: K=101 s->p 0.03 p->s 0.07 null 0.02/0.03 ceil 0.28 | family: K=11 s->p 0.73 p->s 0.82 null 0.11/0.23 ceil 0.91 | family_judged_match: K=11 s->p 0.73 p->s 0.82 null 0.11/0.23 ceil 0.91
[  597s] match L20R16: label_n20: K=48 s->p 0.25 p->s 0.12 null 0.04/0.08 ceil 0.39 | label_n10: K=101 s->p 0.13 p->s 0.06 null 0.03/0.05 ceil 0.25 | family: K=11 s->p 0.82 p->s 0.64 null 0.12/0.27 ceil 0.86 | family_judged_match: K=11 s->p 0.73 p->s 0.64 null 0.11/0.23 ceil 0.64
[  613s] match L20R32: label_n20: K=48 s->p 0.17 p->s 0.17 null 0.04/0.09 ceil 0.33 | label_n10: K=97 s->p 0.12 p->s 0.15 null 0.03/0.05 ceil 0.20 | family: K=11 s->p 0.73 p->s 0.45 null 0.13/0.27 ceil 0.59 | family_judged_match: K=11 s->p 0.55 p->s 0.55 null 0.13/0.27 ceil 0.59
[  631s] match L20R64: label_n20: K=47 s->p 0.19 p->s 0.09 null 0.04/0.09 ceil 0.20 | label_n10: K=97 s->p 0.12 p->s 0.11 null 0.03/0.05 ceil 0.13 | family: K=11 s->p 0.64 p->s 0.55 null 0.11/0.27 ceil 0.45 | family_judged_match: K=11 s->p 0.73 p->s 0.55 null 0.10/0.23 ceil 0.55
[  727s] match L8R8: label_n20: K=48 s->p 0.04 p->s 0.04 null 0.03/0.06 ceil 0.36 | label_n10: K=101 s->p 0.01 p->s 0.02 null 0.02/0.03 ceil 0.23 | family: K=11 s->p 0.45 p->s 0.18 null 0.12/0.27 ceil 0.95 | family_judged_match: K=11 s->p 0.45 p->s 0.18 null 0.12/0.27 ceil 1.00
[  756s] match L32R8: label_n20: K=48 s->p 0.19 p->s 0.19 null 0.03/0.07 ceil 0.35 | label_n10: K=101 s->p 0.14 p->s 0.13 null 0.02/0.04 ceil 0.30 | family: K=11 s->p 0.91 p->s 0.64 null 0.12/0.28 ceil 0.82 | family_judged_match: K=11 s->p 0.91 p->s 0.64 null 0.11/0.23 ceil 0.86
[  809s] match L20P: label_n20: K=48 s->p 0.02 p->s 0.00 null 0.02/0.04 ceil 0.12 | label_n10: K=101 s->p 0.00 p->s 0.00 null 0.02/0.02 ceil 0.13 | family: K=11 s->p 0.09 p->s 0.09 null 0.11/0.23 ceil 0.23 | family_judged_match: K=11 s->p 0.09 p->s 0.09 null 0.08/0.18 ceil 0.14
[  830s] match L20R1: label_n20: K=48 s->p 0.08 p->s 0.08 null 0.03/0.06 ceil 0.38 | label_n10: K=101 s->p 0.05 p->s 0.06 null 0.01/0.03 ceil 0.26 | family: K=11 s->p 0.36 p->s 0.36 null 0.13/0.23 ceil 0.68 | family_judged_match: K=11 s->p 0.36 p->s 0.36 null 0.13/0.27 ceil 0.73
[  830s] match -> /home/me/Documents/eleuther-soar/mech interp on randomly emergent personas/phase6-system-prompt-personas/results/analysis.json
[ 1234s] pca L20R4: source AUROC lq-out {'pooled': 0.9967, 'within_q': 0.9969, 'n_q': 40, 'n_pos': 6821, 'n_neg': 6821} | offset share 0.0786 | PC1-3 src AUROC [0.994, 0.609, 0.513] | angles k10 s-p [0.727, 0.691, 0.64].. min 0.051 half 0.853 | dims S {'pr': 95.4, 'n50': 49, 'n80': 274} Q {'pr': 32.6, 'n50': 15, 'n80': 84}
[ 1705s] pca L20R8: source AUROC lq-out {'pooled': 0.9878, 'within_q': 0.986, 'n_q': 40, 'n_pos': 6821, 'n_neg': 6821} | offset share 0.0513 | PC1-3 src AUROC [0.978, 0.527, 0.608] | angles k10 s-p [0.849, 0.816, 0.803].. min 0.041 half 0.884 | dims S {'pr': 95.8, 'n50': 58, 'n80': 349} Q {'pr': 89.0, 'n50': 45, 'n80': 233}
[ 2129s] pca L20R32: source AUROC lq-out {'pooled': 0.964, 'within_q': 0.9642, 'n_q': 39, 'n_pos': 6703, 'n_neg': 6755} | offset share 0.0106 | PC1-3 src AUROC [0.57, 0.586, 0.59] | angles k10 s-p [0.965, 0.955, 0.946].. min 0.089 half 0.907 | dims S {'pr': 138.9, 'n50': 87, 'n80': 464} Q {'pr': 150.2, 'n50': 85, 'n80': 439}
[ 2597s] pca L20R64: source AUROC lq-out {'pooled': 0.9676, 'within_q': 0.9674, 'n_q': 39, 'n_pos': 6664, 'n_neg': 6685} | offset share 0.0064 | PC1-3 src AUROC [0.548, 0.509, 0.542] | angles k10 s-p [0.981, 0.971, 0.965].. min 0.398 half 0.789 | dims S {'pr': 189.6, 'n50': 113, 'n80': 566} Q {'pr': 184.7, 'n50': 107, 'n80': 523}
[ 3088s] pca L32R8: source AUROC lq-out {'pooled': 0.9828, 'within_q': 0.9818, 'n_q': 40, 'n_pos': 6821, 'n_neg': 6821} | offset share 0.038 | PC1-3 src AUROC [0.867, 0.795, 0.577] | angles k10 s-p [0.919, 0.76, 0.605].. min 0.02 half 0.857 | dims S {'pr': 83.5, 'n50': 62, 'n80': 484} Q {'pr': 83.8, 'n50': 50, 'n80': 326}
[ 3088s] pca -> /home/me/Documents/eleuther-soar/mech interp on randomly emergent personas/phase6-system-prompt-personas/results/analysis.json
