usable 6255 = 1464 assistants + 4791 family-labelled personas
excluded: 2030 personas whose two passes named different families
features (6255, 4096) at L20 R4

family           n   A vs anything else  shuffle |   B vs other personas  shuffle |  cos w/ is_persona
narrative     2600                0.712    0.526 |                 0.658    0.496 |               0.83
mentor         572                0.638    0.548 |                 0.677    0.563 |               0.38
mystic         303                0.823    0.473 |                 0.804    0.572 |               0.41
chef           245                0.781    0.727 |                 0.781    0.684 |               0.19
casual         208                0.678    0.505 |                 0.689    0.515 |               0.13
hype           202                0.654    0.509 |                 0.713    0.497 |              -0.13
poet           192                0.845    0.767 |                 0.869    0.811 |              -0.23
aristocrat     162                0.862    0.614 |                 0.839    0.573 |               0.55
detective      159                0.825    0.578 |                 0.791    0.534 |               0.60
(677s)

cosine between the dedicated family directions
        narrativ    mentor    mystic      chef    casual      hype      poet  aristocr  detectiv
narrativ      1.00      0.01      0.23     -0.15     -0.08     -0.42     -0.12      0.34      0.32
  mentor      0.01      1.00      0.18      0.21      0.46      0.28     -0.51      0.30      0.40
  mystic      0.23      0.18      1.00      0.17     -0.22      0.19     -0.19     -0.16     -0.08
    chef     -0.15      0.21      0.17      1.00      0.14      0.45     -0.29      0.01      0.11
  casual     -0.08      0.46     -0.22      0.14      1.00      0.23     -0.44      0.28      0.36
    hype     -0.42      0.28      0.19      0.45      0.23      1.00     -0.27     -0.28     -0.16
    poet     -0.12     -0.51     -0.19     -0.29     -0.44     -0.27      1.00     -0.25     -0.32
aristocr      0.34      0.30     -0.16      0.01      0.28     -0.28     -0.25      1.00      0.83
detectiv      0.32      0.40     -0.08      0.11      0.36     -0.16     -0.32      0.83      1.00
off-diagonal: mean 0.04 min -0.51 max 0.83
-> results/brrrt/judge/family_probe_results.json
